src/components/archive/BadgeCard/BadgeCard.tsx(13,46): error TS2339: Property 'isEarned' does not exist on type 'Badge'.
src/components/archive/BadgeCard/BadgeCard.tsx(15,37): error TS2339: Property 'type' does not exist on type 'Badge'.
src/components/archive/BadgeCard/BadgeCard.tsx(21,16): error TS2339: Property 'isEarned' does not exist on type 'Badge'.
src/components/archive/BadgeCard/BadgeCard.tsx(21,34): error TS2551: Property 'earnedDate' does not exist on type 'Badge'. Did you mean 'earnedAt'?
src/components/archive/BadgeCard/BadgeCard.tsx(23,34): error TS2551: Property 'earnedDate' does not exist on type 'Badge'. Did you mean 'earnedAt'?
src/components/archive/SkillView/SkillView.tsx(13,45): error TS2339: Property 'isEarned' does not exist on type 'Badge'.
src/components/common/Badge/Badge.tsx(3,15): error TS2305: Module '"../../../types"' has no exported member 'BadgeType'.
src/features/mentor/components/chat/MentorChatHeader/MentorChatHeader.tsx(4,37): error TS2307: Cannot find module '../../types' or its corresponding type declarations.
src/features/mentor/components/notifications/NotificationEditor/NotificationEditor.tsx(7,40): error TS2307: Cannot find module '../../types' or its corresponding type declarations.
src/features/mentor/components/notifications/NotificationEditor/NotificationEditor.tsx(34,18): error TS7006: Parameter 'prev' implicitly has an 'any' type.
src/features/mentor/components/students/StudentCard/StudentCard.tsx(4,37): error TS2307: Cannot find module '../../types' or its corresponding type declarations.
src/features/mentor/components/students/StudentStats/StudentStats.tsx(4,55): error TS2307: Cannot find module '../../types' or its corresponding type declarations.
src/features/mentor/components/students/StudentStats/StudentStats.tsx(13,40): error TS7006: Parameter 'subject' implicitly has an 'any' type.
src/features/mentor/components/students/StudentStats/StudentStats.tsx(26,50): error TS7006: Parameter 'subject' implicitly has an 'any' type.
src/features/student/components/diary/DiaryPostForm/DiaryPostForm.tsx(4,30): error TS2307: Cannot find module '../../mockData/diaries' or its corresponding type declarations.
src/features/student/components/diary/DiaryPostForm/DiaryPostForm.tsx(87,39): error TS7006: Parameter 's' implicitly has an 'any' type.
src/features/student/components/survey/QuestionItem/QuestionItem.tsx(4,39): error TS2307: Cannot find module '../../types/survey' or its corresponding type declarations.
src/features/student/components/survey/QuestionItem/QuestionItem.tsx(52,44): error TS7006: Parameter 'o' implicitly has an 'any' type.
src/features/student/components/survey/QuestionItem/QuestionItem.tsx(60,44): error TS7006: Parameter 'o' implicitly has an 'any' type.
src/features/student/components/survey/SurveyForm/SurveyForm.tsx(2,53): error TS2307: Cannot find module '../../types/survey' or its corresponding type declarations.
src/features/student/components/survey/SurveyForm/SurveyForm.tsx(28,40): error TS7006: Parameter 'q' implicitly has an 'any' type.
src/features/student/components/survey/SurveyForm/SurveyForm.tsx(28,62): error TS7006: Parameter 'q' implicitly has an 'any' type.
src/features/student/components/survey/SurveyForm/SurveyForm.tsx(60,39): error TS7006: Parameter 'q' implicitly has an 'any' type.
src/mockData/badges.ts(11,5): error TS2353: Object literal may only specify known properties, and 'type' does not exist in type 'Badge'.
src/mockData/badges.ts(20,5): error TS2353: Object literal may only specify known properties, and 'type' does not exist in type 'Badge'.
src/mockData/badges.ts(30,5): error TS2353: Object literal may only specify known properties, and 'type' does not exist in type 'Badge'.
src/mockData/badges.ts(39,5): error TS2353: Object literal may only specify known properties, and 'type' does not exist in type 'Badge'.
src/mockData/badges.ts(49,5): error TS2353: Object literal may only specify known properties, and 'type' does not exist in type 'Badge'.
src/mockData/badges.ts(58,5): error TS2353: Object literal may only specify known properties, and 'type' does not exist in type 'Badge'.
src/mockData/badges.ts(68,5): error TS2353: Object literal may only specify known properties, and 'type' does not exist in type 'Badge'.
src/mockData/badges.ts(77,5): error TS2353: Object literal may only specify known properties, and 'type' does not exist in type 'Badge'.
src/mockData/badges.ts(87,5): error TS2353: Object literal may only specify known properties, and 'type' does not exist in type 'Badge'.
src/mockData/badges.ts(118,58): error TS2339: Property 'isEarned' does not exist on type 'Badge'.
src/mockData/calendar.ts(113,14): error TS2739: Type '{ continuousDays: number; totalLoginDays: number; totalDiaryDays: number; activityDays: ActivityDay[]; weeklyActivity: DayActivity[]; }' is missing the following properties from type 'CalendarData': longestStreak, totalDays
src/mockData/chats.ts(67,3): error TS2353: Object literal may only specify known properties, and 'lastMessageAt' does not exist in type 'ChatRoom'.
src/mockData/mentors.ts(43,5): error TS2739: Type '{ continuousDays: number; totalHours: number; subjectBreakdown: { subject: string; hours: number; }[]; }' is missing the following properties from type 'StudentStats': longestStreak, totalDays
src/mockData/mentors.ts(56,5): error TS2739: Type '{ continuousDays: number; totalHours: number; subjectBreakdown: { subject: string; hours: number; }[]; }' is missing the following properties from type 'StudentStats': longestStreak, totalDays
src/mockData/surveys.ts(17,5): error TS2322: Type '"open"' is not assignable to type 'SurveyStatus'.
src/pages/StudentDetailPage/StudentDetailPage.tsx(37,35): error TS2339: Property 'posts' does not exist on type 'StudentDetail'.
